// Jest Snapshot v1, https://goo.gl/fbAQLP

exports[`Watcher should match snapshot 1`] = `
<div>
  <div
    class="container"
  >
    <a
      class="link"
      href="/watcher"
    >
      <header>
        RxWatch
      </header>
    </a>
    <div
      class="outlet"
    />
  </div>
</div>
`;
